// Jest Snapshot v1, https://goo.gl/fbAQLP

exports[`Index should match snapshot 1`] = `
.emotion-0 {
  color: green;
}

.emotion-1 {
  background-color: hotpink;
}

<div
  className="emotion-1"
>
  <div
    className="emotion-0"
  >
    Hello world
  </div>
  <div>
    <div>
      <input
        onClick={[Function]}
        type="button"
        value="Switch to french"
      />
    </div>
    <div>
      <input
        onClick={[Function]}
        type="button"
        value="Switch to english"
      />
    </div>
  </div>
  <div>
    This is a pure component
  </div>
  <a
    href="/generate_error"
    onClick={[Function]}
  >
    Generate error
  </a>
</div>
`;
